[uWSGI] getting INI configuration from /home/lazar/co2_monitoring/uwsgi.ini
*** Starting uWSGI 2.0.31 (64bit) on [Fri Sep 25 18:25:13 2026] ***
compiled with version: 15.2.0 on 09 August 2026 16:20:09
os: Linux-7.0.0-31-generic #31-Ubuntu SMP PREEMPT_DYNAMIC Sat Aug  1 04:26:38 UTC 2026
nodename: lazar
machine: x86_64
clock source: unix
detected number of CPU cores: 2
current working directory: /home/lazar/co2_monitoring
detected binary path: /home/lazar/co2_monitoring/env/bin/uwsgi
!!! no internal routing support, rebuild with pcre support !!!
uWSGI running as root, you can use --uid/--gid/--chroot options
*** WARNING: you are running uWSGI as root !!! (use the --uid flag) *** 
chdir() to /home/lazar/co2_monitoring/Backend
chdir(): No such file or directory [core/uwsgi.c line 2637]
[uWSGI] getting INI configuration from /home/lazar/co2_monitoring/uwsgi.ini
*** Starting uWSGI 2.0.31 (64bit) on [Fri Sep 25 18:25:15 2026] ***
compiled with version: 15.2.0 on 09 August 2026 16:20:09
os: Linux-7.0.0-31-generic #31-Ubuntu SMP PREEMPT_DYNAMIC Sat Aug  1 04:26:38 UTC 2026
nodename: lazar
machine: x86_64
clock source: unix
detected number of CPU cores: 2
current working directory: /home/lazar/co2_monitoring
detected binary path: /home/lazar/co2_monitoring/env/bin/uwsgi
!!! no internal routing support, rebuild with pcre support !!!
uWSGI running as root, you can use --uid/--gid/--chroot options
*** WARNING: you are running uWSGI as root !!! (use the --uid flag) *** 
chdir() to /home/lazar/co2_monitoring/Backend
chdir(): No such file or directory [core/uwsgi.c line 2637]
[uWSGI] getting INI configuration from /home/lazar/co2_monitoring/uwsgi.ini
*** Starting uWSGI 2.0.31 (64bit) on [Fri Sep 25 18:25:17 2026] ***
compiled with version: 15.2.0 on 09 August 2026 16:20:09
os: Linux-7.0.0-31-generic #31-Ubuntu SMP PREEMPT_DYNAMIC Sat Aug  1 04:26:38 UTC 2026
nodename: lazar
machine: x86_64
clock source: unix
detected number of CPU cores: 2
current working directory: /home/lazar/co2_monitoring
detected binary path: /home/lazar/co2_monitoring/env/bin/uwsgi
!!! no internal routing support, rebuild with pcre support !!!
uWSGI running as root, you can use --uid/--gid/--chroot options
*** WARNING: you are running uWSGI as root !!! (use the --uid flag) *** 
chdir() to /home/lazar/co2_monitoring/Backend
chdir(): No such file or directory [core/uwsgi.c line 2637]
[uWSGI] getting INI configuration from /home/lazar/co2_monitoring/uwsgi.ini
*** Starting uWSGI 2.0.31 (64bit) on [Fri Sep 25 18:25:17 2026] ***
compiled with version: 15.2.0 on 09 August 2026 16:20:09
os: Linux-7.0.0-31-generic #31-Ubuntu SMP PREEMPT_DYNAMIC Sat Aug  1 04:26:38 UTC 2026
nodename: lazar
machine: x86_64
clock source: unix
detected number of CPU cores: 2
current working directory: /home/lazar/co2_monitoring
detected binary path: /home/lazar/co2_monitoring/env/bin/uwsgi
!!! no internal routing support, rebuild with pcre support !!!
uWSGI running as root, you can use --uid/--gid/--chroot options
*** WARNING: you are running uWSGI as root !!! (use the --uid flag) *** 
chdir() to /home/lazar/co2_monitoring/Backend
chdir(): No such file or directory [core/uwsgi.c line 2637]
[uWSGI] getting INI configuration from /home/lazar/co2_monitoring/uwsgi.ini
*** Starting uWSGI 2.0.31 (64bit) on [Fri Sep 25 18:25:18 2026] ***
compiled with version: 15.2.0 on 09 August 2026 16:20:09
os: Linux-7.0.0-31-generic #31-Ubuntu SMP PREEMPT_DYNAMIC Sat Aug  1 04:26:38 UTC 2026
nodename: lazar
machine: x86_64
clock source: unix
detected number of CPU cores: 2
current working directory: /home/lazar/co2_monitoring
detected binary path: /home/lazar/co2_monitoring/env/bin/uwsgi
!!! no internal routing support, rebuild with pcre support !!!
uWSGI running as root, you can use --uid/--gid/--chroot options
*** WARNING: you are running uWSGI as root !!! (use the --uid flag) *** 
chdir() to /home/lazar/co2_monitoring/Backend
chdir(): No such file or directory [core/uwsgi.c line 2637]
[uWSGI] getting INI configuration from /home/lazar/co2_monitoring/uwsgi.ini
*** Starting uWSGI 2.0.31 (64bit) on [Fri Sep 25 18:25:20 2026] ***
compiled with version: 15.2.0 on 09 August 2026 16:20:09
os: Linux-7.0.0-31-generic #31-Ubuntu SMP PREEMPT_DYNAMIC Sat Aug  1 04:26:38 UTC 2026
nodename: lazar
machine: x86_64
clock source: unix
detected number of CPU cores: 2
current working directory: /home/lazar/co2_monitoring
detected binary path: /home/lazar/co2_monitoring/env/bin/uwsgi
!!! no internal routing support, rebuild with pcre support !!!
uWSGI running as root, you can use --uid/--gid/--chroot options
*** WARNING: you are running uWSGI as root !!! (use the --uid flag) *** 
chdir() to /home/lazar/co2_monitoring/Backend
chdir(): No such file or directory [core/uwsgi.c line 2637]
[uWSGI] getting INI configuration from /home/lazar/co2_monitoring/uwsgi.ini
*** Starting uWSGI 2.0.31 (64bit) on [Fri Sep 25 18:25:21 2026] ***
compiled with version: 15.2.0 on 09 August 2026 16:20:09
os: Linux-7.0.0-31-generic #31-Ubuntu SMP PREEMPT_DYNAMIC Sat Aug  1 04:26:38 UTC 2026
nodename: lazar
machine: x86_64
clock source: unix
detected number of CPU cores: 2
current working directory: /home/lazar/co2_monitoring
detected binary path: /home/lazar/co2_monitoring/env/bin/uwsgi
!!! no internal routing support, rebuild with pcre support !!!
uWSGI running as root, you can use --uid/--gid/--chroot options
*** WARNING: you are running uWSGI as root !!! (use the --uid flag) *** 
chdir() to /home/lazar/co2_monitoring/Backend
chdir(): No such file or directory [core/uwsgi.c line 2637]
[uWSGI] getting INI configuration from /home/lazar/co2_monitoring/uwsgi.ini
*** Starting uWSGI 2.0.31 (64bit) on [Fri Sep 25 18:25:23 2026] ***
compiled with version: 15.2.0 on 09 August 2026 16:20:09
os: Linux-7.0.0-31-generic #31-Ubuntu SMP PREEMPT_DYNAMIC Sat Aug  1 04:26:38 UTC 2026
nodename: lazar
machine: x86_64
clock source: unix
detected number of CPU cores: 2
current working directory: /home/lazar/co2_monitoring
detected binary path: /home/lazar/co2_monitoring/env/bin/uwsgi
!!! no internal routing support, rebuild with pcre support !!!
uWSGI running as root, you can use --uid/--gid/--chroot options
*** WARNING: you are running uWSGI as root !!! (use the --uid flag) *** 
chdir() to /home/lazar/co2_monitoring/Backend
chdir(): No such file or directory [core/uwsgi.c line 2637]
[uWSGI] getting INI configuration from /home/lazar/co2_monitoring/uwsgi.ini
*** Starting uWSGI 2.0.31 (64bit) on [Fri Sep 25 18:25:24 2026] ***
compiled with version: 15.2.0 on 09 August 2026 16:20:09
os: Linux-7.0.0-31-generic #31-Ubuntu SMP PREEMPT_DYNAMIC Sat Aug  1 04:26:38 UTC 2026
nodename: lazar
machine: x86_64
clock source: unix
detected number of CPU cores: 2
current working directory: /home/lazar/co2_monitoring
detected binary path: /home/lazar/co2_monitoring/env/bin/uwsgi
!!! no internal routing support, rebuild with pcre support !!!
uWSGI running as root, you can use --uid/--gid/--chroot options
*** WARNING: you are running uWSGI as root !!! (use the --uid flag) *** 
chdir() to /home/lazar/co2_monitoring/Backend
chdir(): No such file or directory [core/uwsgi.c line 2637]
[uWSGI] getting INI configuration from /home/lazar/co2_monitoring/uwsgi.ini
*** Starting uWSGI 2.0.31 (64bit) on [Fri Sep 25 18:25:26 2026] ***
compiled with version: 15.2.0 on 09 August 2026 16:20:09
os: Linux-7.0.0-31-generic #31-Ubuntu SMP PREEMPT_DYNAMIC Sat Aug  1 04:26:38 UTC 2026
nodename: lazar
machine: x86_64
clock source: unix
detected number of CPU cores: 2
current working directory: /home/lazar/co2_monitoring
detected binary path: /home/lazar/co2_monitoring/env/bin/uwsgi
!!! no internal routing support, rebuild with pcre support !!!
uWSGI running as root, you can use --uid/--gid/--chroot options
*** WARNING: you are running uWSGI as root !!! (use the --uid flag) *** 
chdir() to /home/lazar/co2_monitoring/Backend
chdir(): No such file or directory [core/uwsgi.c line 2637]
[uWSGI] getting INI configuration from /home/lazar/co2_monitoring/uwsgi.ini
*** Starting uWSGI 2.0.31 (64bit) on [Fri Sep 25 18:25:29 2026] ***
compiled with version: 15.2.0 on 09 August 2026 16:20:09
os: Linux-7.0.0-31-generic #31-Ubuntu SMP PREEMPT_DYNAMIC Sat Aug  1 04:26:38 UTC 2026
nodename: lazar
machine: x86_64
clock source: unix
detected number of CPU cores: 2
current working directory: /home/lazar/co2_monitoring
detected binary path: /home/lazar/co2_monitoring/env/bin/uwsgi
!!! no internal routing support, rebuild with pcre support !!!
uWSGI running as root, you can use --uid/--gid/--chroot options
*** WARNING: you are running uWSGI as root !!! (use the --uid flag) *** 
chdir() to /home/lazar/co2_monitoring/Backend
chdir(): No such file or directory [core/uwsgi.c line 2637]
[uWSGI] getting INI configuration from /home/lazar/co2_monitoring/uwsgi.ini
*** Starting uWSGI 2.0.31 (64bit) on [Fri Sep 25 18:25:31 2026] ***
compiled with version: 15.2.0 on 09 August 2026 16:20:09
os: Linux-7.0.0-31-generic #31-Ubuntu SMP PREEMPT_DYNAMIC Sat Aug  1 04:26:38 UTC 2026
nodename: lazar
machine: x86_64
clock source: unix
detected number of CPU cores: 2
current working directory: /home/lazar/co2_monitoring
detected binary path: /home/lazar/co2_monitoring/env/bin/uwsgi
!!! no internal routing support, rebuild with pcre support !!!
uWSGI running as root, you can use --uid/--gid/--chroot options
*** WARNING: you are running uWSGI as root !!! (use the --uid flag) *** 
chdir() to /home/lazar/co2_monitoring/Backend
chdir(): No such file or directory [core/uwsgi.c line 2637]
[uWSGI] getting INI configuration from /home/lazar/co2_monitoring/uwsgi.ini
*** Starting uWSGI 2.0.31 (64bit) on [Fri Sep 25 18:25:33 2026] ***
compiled with version: 15.2.0 on 09 August 2026 16:20:09
os: Linux-7.0.0-31-generic #31-Ubuntu SMP PREEMPT_DYNAMIC Sat Aug  1 04:26:38 UTC 2026
nodename: lazar
machine: x86_64
clock source: unix
detected number of CPU cores: 2
current working directory: /home/lazar/co2_monitoring
detected binary path: /home/lazar/co2_monitoring/env/bin/uwsgi
!!! no internal routing support, rebuild with pcre support !!!
uWSGI running as root, you can use --uid/--gid/--chroot options
*** WARNING: you are running uWSGI as root !!! (use the --uid flag) *** 
chdir() to /home/lazar/co2_monitoring/Backend
chdir(): No such file or directory [core/uwsgi.c line 2637]
[uWSGI] getting INI configuration from /home/lazar/co2_monitoring/uwsgi.ini
*** Starting uWSGI 2.0.31 (64bit) on [Fri Sep 25 18:25:34 2026] ***
compiled with version: 15.2.0 on 09 August 2026 16:20:09
os: Linux-7.0.0-31-generic #31-Ubuntu SMP PREEMPT_DYNAMIC Sat Aug  1 04:26:38 UTC 2026
nodename: lazar
machine: x86_64
clock source: unix
detected number of CPU cores: 2
current working directory: /home/lazar/co2_monitoring
detected binary path: /home/lazar/co2_monitoring/env/bin/uwsgi
!!! no internal routing support, rebuild with pcre support !!!
uWSGI running as root, you can use --uid/--gid/--chroot options
*** WARNING: you are running uWSGI as root !!! (use the --uid flag) *** 
chdir() to /home/lazar/co2_monitoring/Backend
chdir(): No such file or directory [core/uwsgi.c line 2637]
[uWSGI] getting INI configuration from /home/lazar/co2_monitoring/uwsgi.ini
*** Starting uWSGI 2.0.31 (64bit) on [Fri Sep 25 18:25:36 2026] ***
compiled with version: 15.2.0 on 09 August 2026 16:20:09
os: Linux-7.0.0-31-generic #31-Ubuntu SMP PREEMPT_DYNAMIC Sat Aug  1 04:26:38 UTC 2026
nodename: lazar
machine: x86_64
clock source: unix
detected number of CPU cores: 2
current working directory: /home/lazar/co2_monitoring
detected binary path: /home/lazar/co2_monitoring/env/bin/uwsgi
!!! no internal routing support, rebuild with pcre support !!!
uWSGI running as root, you can use --uid/--gid/--chroot options
*** WARNING: you are running uWSGI as root !!! (use the --uid flag) *** 
chdir() to /home/lazar/co2_monitoring/Backend
chdir(): No such file or directory [core/uwsgi.c line 2637]
[uWSGI] getting INI configuration from /home/lazar/co2_monitoring/uwsgi.ini
*** Starting uWSGI 2.0.31 (64bit) on [Fri Sep 25 18:25:39 2026] ***
compiled with version: 15.2.0 on 09 August 2026 16:20:09
os: Linux-7.0.0-31-generic #31-Ubuntu SMP PREEMPT_DYNAMIC Sat Aug  1 04:26:38 UTC 2026
nodename: lazar
machine: x86_64
clock source: unix
detected number of CPU cores: 2
current working directory: /home/lazar/co2_monitoring
detected binary path: /home/lazar/co2_monitoring/env/bin/uwsgi
!!! no internal routing support, rebuild with pcre support !!!
uWSGI running as root, you can use --uid/--gid/--chroot options
*** WARNING: you are running uWSGI as root !!! (use the --uid flag) *** 
chdir() to /home/lazar/co2_monitoring/Backend
chdir(): No such file or directory [core/uwsgi.c line 2637]
[uWSGI] getting INI configuration from /home/lazar/co2_monitoring/uwsgi.ini
*** Starting uWSGI 2.0.31 (64bit) on [Fri Sep 25 18:25:42 2026] ***
compiled with version: 15.2.0 on 09 August 2026 16:20:09
os: Linux-7.0.0-31-generic #31-Ubuntu SMP PREEMPT_DYNAMIC Sat Aug  1 04:26:38 UTC 2026
nodename: lazar
machine: x86_64
clock source: unix
detected number of CPU cores: 2
current working directory: /home/lazar/co2_monitoring
detected binary path: /home/lazar/co2_monitoring/env/bin/uwsgi
!!! no internal routing support, rebuild with pcre support !!!
uWSGI running as root, you can use --uid/--gid/--chroot options
*** WARNING: you are running uWSGI as root !!! (use the --uid flag) *** 
chdir() to /home/lazar/co2_monitoring/Backend
chdir(): No such file or directory [core/uwsgi.c line 2637]
[uWSGI] getting INI configuration from /home/lazar/co2_monitoring/uwsgi.ini
*** Starting uWSGI 2.0.31 (64bit) on [Fri Sep 25 18:25:44 2026] ***
compiled with version: 15.2.0 on 09 August 2026 16:20:09
os: Linux-7.0.0-31-generic #31-Ubuntu SMP PREEMPT_DYNAMIC Sat Aug  1 04:26:38 UTC 2026
nodename: lazar
machine: x86_64
clock source: unix
detected number of CPU cores: 2
current working directory: /home/lazar/co2_monitoring
detected binary path: /home/lazar/co2_monitoring/env/bin/uwsgi
!!! no internal routing support, rebuild with pcre support !!!
uWSGI running as root, you can use --uid/--gid/--chroot options
*** WARNING: you are running uWSGI as root !!! (use the --uid flag) *** 
chdir() to /home/lazar/co2_monitoring/Backend
chdir(): No such file or directory [core/uwsgi.c line 2637]
[uWSGI] getting INI configuration from /home/lazar/co2_monitoring/uwsgi.ini
*** Starting uWSGI 2.0.31 (64bit) on [Fri Sep 25 18:25:45 2026] ***
compiled with version: 15.2.0 on 09 August 2026 16:20:09
os: Linux-7.0.0-31-generic #31-Ubuntu SMP PREEMPT_DYNAMIC Sat Aug  1 04:26:38 UTC 2026
nodename: lazar
machine: x86_64
clock source: unix
detected number of CPU cores: 2
current working directory: /home/lazar/co2_monitoring
detected binary path: /home/lazar/co2_monitoring/env/bin/uwsgi
!!! no internal routing support, rebuild with pcre support !!!
uWSGI running as root, you can use --uid/--gid/--chroot options
*** WARNING: you are running uWSGI as root !!! (use the --uid flag) *** 
chdir() to /home/lazar/co2_monitoring/Backend
chdir(): No such file or directory [core/uwsgi.c line 2637]
[uWSGI] getting INI configuration from /home/lazar/co2_monitoring/uwsgi.ini
*** Starting uWSGI 2.0.31 (64bit) on [Fri Sep 25 18:25:47 2026] ***
compiled with version: 15.2.0 on 09 August 2026 16:20:09
os: Linux-7.0.0-31-generic #31-Ubuntu SMP PREEMPT_DYNAMIC Sat Aug  1 04:26:38 UTC 2026
nodename: lazar
machine: x86_64
clock source: unix
detected number of CPU cores: 2
current working directory: /home/lazar/co2_monitoring
detected binary path: /home/lazar/co2_monitoring/env/bin/uwsgi
!!! no internal routing support, rebuild with pcre support !!!
uWSGI running as root, you can use --uid/--gid/--chroot options
*** WARNING: you are running uWSGI as root !!! (use the --uid flag) *** 
chdir() to /home/lazar/co2_monitoring/Backend
chdir(): No such file or directory [core/uwsgi.c line 2637]
[uWSGI] getting INI configuration from /home/lazar/co2_monitoring/uwsgi.ini
*** Starting uWSGI 2.0.31 (64bit) on [Fri Sep 25 18:25:50 2026] ***
compiled with version: 15.2.0 on 09 August 2026 16:20:09
os: Linux-7.0.0-31-generic #31-Ubuntu SMP PREEMPT_DYNAMIC Sat Aug  1 04:26:38 UTC 2026
nodename: lazar
machine: x86_64
clock source: unix
detected number of CPU cores: 2
current working directory: /home/lazar/co2_monitoring
detected binary path: /home/lazar/co2_monitoring/env/bin/uwsgi
!!! no internal routing support, rebuild with pcre support !!!
uWSGI running as root, you can use --uid/--gid/--chroot options
*** WARNING: you are running uWSGI as root !!! (use the --uid flag) *** 
chdir() to /home/lazar/co2_monitoring/Backend
chdir(): No such file or directory [core/uwsgi.c line 2637]
[uWSGI] getting INI configuration from /home/lazar/co2_monitoring/uwsgi.ini
*** Starting uWSGI 2.0.31 (64bit) on [Fri Sep 25 18:28:35 2026] ***
compiled with version: 15.2.0 on 09 August 2026 16:20:09
os: Linux-7.0.0-31-generic #31-Ubuntu SMP PREEMPT_DYNAMIC Sat Aug  1 04:26:38 UTC 2026
nodename: lazar
machine: x86_64
clock source: unix
detected number of CPU cores: 2
current working directory: /home/lazar/co2_monitoring
detected binary path: /home/lazar/co2_monitoring/env/bin/uwsgi
!!! no internal routing support, rebuild with pcre support !!!
uWSGI running as root, you can use --uid/--gid/--chroot options
*** WARNING: you are running uWSGI as root !!! (use the --uid flag) *** 
chdir() to /home/lazar/co2_monitoring
*** WARNING: you are running uWSGI without its master process manager ***
your processes number limit is 6190
your memory page size is 4096 bytes
detected max file descriptor number: 1024
lock engine: pthread robust mutexes
thunder lock: disabled (you can enable it with --thunder-lock)
uwsgi socket 0 bound to TCP address 127.0.0.1:8080 fd 3
uWSGI running as root, you can use --uid/--gid/--chroot options
*** WARNING: you are running uWSGI as root !!! (use the --uid flag) *** 
Python version: 3.14.4 (main, Aug 20 2026, 10:41:58) [GCC 15.2.0]
PEP 405 virtualenv detected: /home/lazar/co2_monitoring/env
Set PythonHome to /home/lazar/co2_monitoring/env
Python main interpreter initialized at 0x736de31dd7c8
uWSGI running as root, you can use --uid/--gid/--chroot options
*** WARNING: you are running uWSGI as root !!! (use the --uid flag) *** 
python threads support enabled
your server socket listen backlog is limited to 100 connections
your mercy for graceful operations on workers is 60 seconds
mapped 72904 bytes (71 KB) for 1 cores
*** Operational MODE: single process ***
WSGI app 0 (mountpoint='') ready in 0 seconds on interpreter 0x736de31dd7c8 pid: 8639 (default app)
uWSGI running as root, you can use --uid/--gid/--chroot options
*** WARNING: you are running uWSGI as root !!! (use the --uid flag) *** 
*** uWSGI is running in multiple interpreter mode ***
spawned uWSGI worker 1 (and the only) (pid: 8639, cores: 1)
[pid: 8639|app: 0|req: 1/1] 127.0.0.1 () {52 vars in 832 bytes} [Fri Sep 25 15:29:28 2026] GET / => generated 1668 bytes in 23 msecs (HTTP/1.1 200) 6 headers in 208 bytes (1 switches on core 0)
[pid: 8639|app: 0|req: 2/2] 127.0.0.1 () {54 vars in 877 bytes} [Fri Sep 25 15:33:14 2026] GET / => generated 1668 bytes in 5 msecs (HTTP/1.1 200) 6 headers in 208 bytes (1 switches on core 0)
[pid: 8639|app: 0|req: 3/3] 127.0.0.1 () {54 vars in 877 bytes} [Fri Sep 25 15:35:01 2026] GET / => generated 1668 bytes in 3 msecs (HTTP/1.1 200) 6 headers in 208 bytes (1 switches on core 0)
[pid: 8639|app: 0|req: 4/4] 127.0.0.1 () {54 vars in 877 bytes} [Fri Sep 25 15:35:02 2026] GET / => generated 1668 bytes in 8 msecs (HTTP/1.1 200) 6 headers in 208 bytes (1 switches on core 0)
[pid: 8639|app: 0|req: 5/5] 127.0.0.1 () {54 vars in 877 bytes} [Fri Sep 25 15:35:02 2026] GET / => generated 1668 bytes in 3 msecs (HTTP/1.1 200) 6 headers in 208 bytes (1 switches on core 0)
[pid: 8639|app: 0|req: 6/6] 127.0.0.1 () {54 vars in 877 bytes} [Fri Sep 25 15:35:02 2026] GET / => generated 1668 bytes in 2 msecs (HTTP/1.1 200) 6 headers in 208 bytes (1 switches on core 0)
